resourceSpans:
  - resource:
      attributes:
        - key: service.name
          value:
            stringValue: SampleAspNetCoreApp
        - key: service.version
          value:
            stringValue: ""
        - key: telemetry.sdk.language
          value:
            stringValue: dotnet
        - key: telemetry.sdk.name
          value:
            stringValue: ElasticAPM
        - key: deployment.environment
          value:
            stringValue: Production
        - key: deployment.environment.name
          value:
            stringValue: Production
        - key: process.pid
          value:
            intValue: "63039"
        - key: process.executable.name
          value:
            stringValue: SampleAspNetCor
        - key: agent.name
          value:
            stringValue: dotnet
        - key: agent.version
          value:
            stringValue: 1.30.2-canary.0.4+3386ba62c316b311cf1da30278ce927a6735f2ce
        - key: service.language.name
          value:
            stringValue: C#
    scopeSpans:
      - scope: {}
        spans:
          - attributes:
              - key: timestamp.us
                value:
                  intValue: "1496170407154000"
              - key: event.outcome
                value:
                  stringValue: success
              - key: processor.event
                value:
                  stringValue: transaction
              - key: transaction.id
                value:
                  stringValue: 945254c567a5417e
              - key: transaction.name
                value:
                  stringValue: ""
              - key: transaction.sampled
                value:
                  boolValue: true
              - key: transaction.root
                value:
                  boolValue: false
              - key: transaction.type
                value:
                  stringValue: request
              - key: transaction.result
                value:
                  stringValue: Success
              - key: transaction.duration.us
                value:
                  intValue: "32592"
            endTimeUnixNano: "1496170407186592981"
            parentSpanId: abcdefabcdef0123
            spanId: 945254c567a5417e
            startTimeUnixNano: "1496170407154000000"
            status:
              code: 1
            traceId: 0123456789abcdef0123456789abcdef
