resourceSpans:
  - resource:
      attributes:
        - key: service.name
          value:
            stringValue: 1234_service-12a3
        - key: service.version
          value:
            stringValue: 5.1.3
        - key: telemetry.sdk.language
          value:
            stringValue: ecmascript
        - key: telemetry.sdk.name
          value:
            stringValue: ElasticAPM
        - key: deployment.environment
          value:
            stringValue: staging
        - key: deployment.environment.name
          value:
            stringValue: staging
        - key: service.instance.id
          value:
            stringValue: node-123
        - key: host.arch
          value:
            stringValue: x64
        - key: cloud.provider
          value:
            stringValue: cloud_provider
        - key: cloud.region
          value:
            stringValue: cloud_region
        - key: cloud.availability_zone
          value:
            stringValue: cloud_availability_zone
        - key: cloud.account.id
          value:
            stringValue: account_id
        - key: cloud.platform
          value:
            stringValue: lambda
        - key: container.id
          value:
            stringValue: container-id
        - key: k8s.namespace.name
          value:
            stringValue: namespace1
        - key: k8s.node.name
          value:
            stringValue: node-name
        - key: k8s.pod.name
          value:
            stringValue: pod-name
        - key: k8s.pod.uid
          value:
            stringValue: pod-uid
        - key: process.pid
          value:
            intValue: "1234"
        - key: process.parent_pid
          value:
            intValue: "6789"
        - key: process.executable.name
          value:
            stringValue: node
        - key: process.command_line
          value:
            stringValue: node server.js
        - key: user.id
          value:
            stringValue: 123user
        - key: user.email
          value:
            stringValue: bar@user.com
        - key: agent.name
          value:
            stringValue: elastic-node
        - key: agent.version
          value:
            stringValue: 3.14.0
        - key: service.language.name
          value:
            stringValue: ecmascript
        - key: service.language.version
          value:
            stringValue: "8"
    scopeSpans:
      - scope: {}
        spans:
          - attributes:
              - key: timestamp.us
                value:
                  intValue: "1496170407154000"
              - key: event.outcome
                value:
                  stringValue: unknown
              - key: processor.event
                value:
                  stringValue: transaction
              - key: transaction.id
                value:
                  stringValue: foobarInvalid
              - key: transaction.name
                value:
                  stringValue: ""
              - key: transaction.sampled
                value:
                  boolValue: true
              - key: transaction.root
                value:
                  boolValue: false
              - key: transaction.type
                value:
                  stringValue: request
              - key: transaction.result
                value:
                  stringValue: ""
              - key: transaction.duration.us
                value:
                  intValue: "32592"
            endTimeUnixNano: "1496170407186592981"
            parentSpanId: ""
            spanId: ""
            startTimeUnixNano: "1496170407154000000"
            status: {}
            traceId: ""
  - resource:
      attributes:
        - key: service.name
          value:
            stringValue: 1234_service-12a3
        - key: service.version
          value:
            stringValue: 5.1.3
        - key: telemetry.sdk.language
          value:
            stringValue: ecmascript
        - key: telemetry.sdk.name
          value:
            stringValue: ElasticAPM
        - key: deployment.environment
          value:
            stringValue: staging
        - key: deployment.environment.name
          value:
            stringValue: staging
        - key: service.instance.id
          value:
            stringValue: node-123
        - key: host.arch
          value:
            stringValue: x64
        - key: cloud.provider
          value:
            stringValue: cloud_provider
        - key: cloud.region
          value:
            stringValue: cloud_region
        - key: cloud.availability_zone
          value:
            stringValue: cloud_availability_zone
        - key: cloud.account.id
          value:
            stringValue: account_id
        - key: cloud.platform
          value:
            stringValue: lambda
        - key: container.id
          value:
            stringValue: container-id
        - key: k8s.namespace.name
          value:
            stringValue: namespace1
        - key: k8s.node.name
          value:
            stringValue: node-name
        - key: k8s.pod.name
          value:
            stringValue: pod-name
        - key: k8s.pod.uid
          value:
            stringValue: pod-uid
        - key: process.pid
          value:
            intValue: "1234"
        - key: process.parent_pid
          value:
            intValue: "6789"
        - key: process.executable.name
          value:
            stringValue: node
        - key: process.command_line
          value:
            stringValue: node server.js
        - key: user.id
          value:
            stringValue: 123user
        - key: user.email
          value:
            stringValue: bar@user.com
        - key: agent.name
          value:
            stringValue: elastic-node
        - key: agent.version
          value:
            stringValue: 3.14.0
        - key: service.language.name
          value:
            stringValue: ecmascript
        - key: service.language.version
          value:
            stringValue: "8"
    scopeSpans:
      - scope: {}
        spans:
          - attributes:
              - key: timestamp.us
                value:
                  intValue: "1532976822281000"
              - key: event.outcome
                value:
                  stringValue: success
              - key: processor.event
                value:
                  stringValue: span
              - key: span.duration.us
                value:
                  intValue: "141581"
              - key: span.id
                value:
                  stringValue: invalid
              - key: span.name
                value:
                  stringValue: GET /api/types
              - key: span.type
                value:
                  stringValue: db
              - key: span.subtype
                value:
                  stringValue: postgresql
              - key: span.action
                value:
                  stringValue: query.custom
            endTimeUnixNano: "1532976822422581000"
            name: GET /api/types
            parentSpanId: ""
            spanId: 01af25874dec69dd
            startTimeUnixNano: "1532976822281000000"
            status:
              code: 1
            traceId: ""
