resourceLogs:
  - resource:
      attributes:
        - key: service.name
          value:
            stringValue: 1234_service-12a3
        - key: service.version
          value:
            stringValue: 4.3.0
        - key: telemetry.sdk.language
          value:
            stringValue: java
        - key: telemetry.sdk.name
          value:
            stringValue: ElasticAPM
        - key: deployment.environment
          value:
            stringValue: production
        - key: deployment.environment.name
          value:
            stringValue: production
        - key: service.instance.id
          value:
            stringValue: 8ec7ceb990749e79b37f6dc6cd3628633618d6ce412553a552a0fa6b69419ad4
        - key: host.name
          value:
            stringValue: host1
        - key: host.arch
          value:
            stringValue: amd64
        - key: container.id
          value:
            stringValue: 8ec7ceb990749e79b37f6dc6cd3628633618d6ce412553a552a0fa6b69419ad4
        - key: k8s.namespace.name
          value:
            stringValue: default
        - key: k8s.node.name
          value:
            stringValue: node-name
        - key: k8s.pod.name
          value:
            stringValue: instrumented-java-service
        - key: k8s.pod.uid
          value:
            stringValue: b17f231da0ad128dc6c6c0b2e82f6f303d3893e3
        - key: process.pid
          value:
            intValue: "1234"
        - key: process.parent_pid
          value:
            intValue: "1"
        - key: process.executable.name
          value:
            stringValue: /usr/lib/jvm/java-10-openjdk-amd64/bin/java
        - key: process.command_line
          value:
            stringValue: -v
        - key: agent.name
          value:
            stringValue: java
        - key: agent.version
          value:
            stringValue: 1.10.0
        - key: service.language.name
          value:
            stringValue: Java
        - key: service.language.version
          value:
            stringValue: 10.0.2
        - key: agent.ephemeral_id
          value:
            stringValue: e71be9ac-93b0-44b9-a997-5638f6ccfc36
        - key: agent.activation_method
          value:
            stringValue: some_activation_method
        - key: service.framework.name
          value:
            stringValue: spring
        - key: service.framework.version
          value:
            stringValue: 5.0.0
        - key: service.runtime.name
          value:
            stringValue: Java
        - key: service.runtime.version
          value:
            stringValue: 10.0.2
        - key: host.os.platform
          value:
            stringValue: Linux
        - key: labels.group
          value:
            stringValue: experimental
        - key: labels.ab_testing
          value:
            stringValue: "true"
        - key: numeric_labels.segment
          value:
            doubleValue: 5
    scopeLogs:
      - logRecords:
          - attributes:
              - key: event.kind
                value:
                  stringValue: event
              - key: process.title
                value:
                  stringValue: /usr/lib/jvm/java-10-openjdk-amd64/bin/java
            body:
              stringValue: test log message without timestamp
        scope: {}
  - resource:
      attributes:
        - key: service.name
          value:
            stringValue: 1234_service-12a3
        - key: service.version
          value:
            stringValue: 4.3.0
        - key: telemetry.sdk.language
          value:
            stringValue: java
        - key: telemetry.sdk.name
          value:
            stringValue: ElasticAPM
        - key: deployment.environment
          value:
            stringValue: production
        - key: deployment.environment.name
          value:
            stringValue: production
        - key: service.instance.id
          value:
            stringValue: 8ec7ceb990749e79b37f6dc6cd3628633618d6ce412553a552a0fa6b69419ad4
        - key: host.name
          value:
            stringValue: host1
        - key: host.arch
          value:
            stringValue: amd64
        - key: container.id
          value:
            stringValue: 8ec7ceb990749e79b37f6dc6cd3628633618d6ce412553a552a0fa6b69419ad4
        - key: k8s.namespace.name
          value:
            stringValue: default
        - key: k8s.node.name
          value:
            stringValue: node-name
        - key: k8s.pod.name
          value:
            stringValue: instrumented-java-service
        - key: k8s.pod.uid
          value:
            stringValue: b17f231da0ad128dc6c6c0b2e82f6f303d3893e3
        - key: process.pid
          value:
            intValue: "1234"
        - key: process.parent_pid
          value:
            intValue: "1"
        - key: process.executable.name
          value:
            stringValue: /usr/lib/jvm/java-10-openjdk-amd64/bin/java
        - key: process.command_line
          value:
            stringValue: -v
        - key: agent.name
          value:
            stringValue: java
        - key: agent.version
          value:
            stringValue: 1.10.0
        - key: service.language.name
          value:
            stringValue: Java
        - key: service.language.version
          value:
            stringValue: 10.0.2
        - key: agent.ephemeral_id
          value:
            stringValue: e71be9ac-93b0-44b9-a997-5638f6ccfc36
        - key: agent.activation_method
          value:
            stringValue: some_activation_method
        - key: service.framework.name
          value:
            stringValue: spring
        - key: service.framework.version
          value:
            stringValue: 5.0.0
        - key: service.runtime.name
          value:
            stringValue: Java
        - key: service.runtime.version
          value:
            stringValue: 10.0.2
        - key: host.os.platform
          value:
            stringValue: Linux
        - key: labels.group
          value:
            stringValue: experimental
        - key: labels.ab_testing
          value:
            stringValue: "true"
        - key: numeric_labels.segment
          value:
            doubleValue: 5
    scopeLogs:
      - logRecords:
          - attributes:
              - key: event.kind
                value:
                  stringValue: event
              - key: process.title
                value:
                  stringValue: /usr/lib/jvm/java-10-openjdk-amd64/bin/java
            body:
              stringValue: test log message with string timestamp
            timeUnixNano: "1662673649111000000"
        scope: {}
  - resource:
      attributes:
        - key: service.name
          value:
            stringValue: 1234_service-12a3
        - key: service.version
          value:
            stringValue: 4.3.0
        - key: telemetry.sdk.language
          value:
            stringValue: java
        - key: telemetry.sdk.name
          value:
            stringValue: ElasticAPM
        - key: deployment.environment
          value:
            stringValue: production
        - key: deployment.environment.name
          value:
            stringValue: production
        - key: service.instance.id
          value:
            stringValue: 8ec7ceb990749e79b37f6dc6cd3628633618d6ce412553a552a0fa6b69419ad4
        - key: host.name
          value:
            stringValue: host1
        - key: host.arch
          value:
            stringValue: amd64
        - key: container.id
          value:
            stringValue: 8ec7ceb990749e79b37f6dc6cd3628633618d6ce412553a552a0fa6b69419ad4
        - key: k8s.namespace.name
          value:
            stringValue: default
        - key: k8s.node.name
          value:
            stringValue: node-name
        - key: k8s.pod.name
          value:
            stringValue: instrumented-java-service
        - key: k8s.pod.uid
          value:
            stringValue: b17f231da0ad128dc6c6c0b2e82f6f303d3893e3
        - key: process.pid
          value:
            intValue: "1234"
        - key: process.parent_pid
          value:
            intValue: "1"
        - key: process.executable.name
          value:
            stringValue: /usr/lib/jvm/java-10-openjdk-amd64/bin/java
        - key: process.command_line
          value:
            stringValue: -v
        - key: agent.name
          value:
            stringValue: java
        - key: agent.version
          value:
            stringValue: 1.10.0
        - key: service.language.name
          value:
            stringValue: Java
        - key: service.language.version
          value:
            stringValue: 10.0.2
        - key: agent.ephemeral_id
          value:
            stringValue: e71be9ac-93b0-44b9-a997-5638f6ccfc36
        - key: agent.activation_method
          value:
            stringValue: some_activation_method
        - key: service.framework.name
          value:
            stringValue: spring
        - key: service.framework.version
          value:
            stringValue: 5.0.0
        - key: service.runtime.name
          value:
            stringValue: Java
        - key: service.runtime.version
          value:
            stringValue: 10.0.2
        - key: host.os.platform
          value:
            stringValue: Linux
        - key: labels.group
          value:
            stringValue: experimental
        - key: labels.ab_testing
          value:
            stringValue: "true"
        - key: numeric_labels.segment
          value:
            doubleValue: 5
    scopeLogs:
      - logRecords:
          - attributes:
              - key: event.kind
                value:
                  stringValue: event
              - key: process.title
                value:
                  stringValue: /usr/lib/jvm/java-10-openjdk-amd64/bin/java
            body:
              stringValue: test log message with timestamp
            timeUnixNano: "1662616049000000000"
        scope: {}
  - resource:
      attributes:
        - key: service.name
          value:
            stringValue: 1234_service-12a3
        - key: service.version
          value:
            stringValue: 4.3.0
        - key: telemetry.sdk.language
          value:
            stringValue: java
        - key: telemetry.sdk.name
          value:
            stringValue: ElasticAPM
        - key: deployment.environment
          value:
            stringValue: production
        - key: deployment.environment.name
          value:
            stringValue: production
        - key: service.instance.id
          value:
            stringValue: 8ec7ceb990749e79b37f6dc6cd3628633618d6ce412553a552a0fa6b69419ad4
        - key: host.name
          value:
            stringValue: host1
        - key: host.arch
          value:
            stringValue: amd64
        - key: container.id
          value:
            stringValue: 8ec7ceb990749e79b37f6dc6cd3628633618d6ce412553a552a0fa6b69419ad4
        - key: k8s.namespace.name
          value:
            stringValue: default
        - key: k8s.node.name
          value:
            stringValue: node-name
        - key: k8s.pod.name
          value:
            stringValue: instrumented-java-service
        - key: k8s.pod.uid
          value:
            stringValue: b17f231da0ad128dc6c6c0b2e82f6f303d3893e3
        - key: process.pid
          value:
            intValue: "1234"
        - key: process.parent_pid
          value:
            intValue: "1"
        - key: process.executable.name
          value:
            stringValue: /usr/lib/jvm/java-10-openjdk-amd64/bin/java
        - key: process.command_line
          value:
            stringValue: -v
        - key: faas.instance
          value:
            stringValue: arn:aws:lambda:us-east-2:123456789012:function:custom-runtime
        - key: faas.coldstart
          value:
            boolValue: true
        - key: agent.name
          value:
            stringValue: java
        - key: agent.version
          value:
            stringValue: 1.10.0
        - key: service.language.name
          value:
            stringValue: Java
        - key: service.language.version
          value:
            stringValue: 10.0.2
        - key: faas.execution
          value:
            stringValue: 6f7f0961f83442118a7af6fe80b88d56
        - key: agent.ephemeral_id
          value:
            stringValue: e71be9ac-93b0-44b9-a997-5638f6ccfc36
        - key: agent.activation_method
          value:
            stringValue: some_activation_method
        - key: service.framework.name
          value:
            stringValue: spring
        - key: service.framework.version
          value:
            stringValue: 5.0.0
        - key: service.runtime.name
          value:
            stringValue: Java
        - key: service.runtime.version
          value:
            stringValue: 10.0.2
        - key: host.os.platform
          value:
            stringValue: Linux
        - key: labels.ab_testing
          value:
            stringValue: "true"
        - key: labels.group
          value:
            stringValue: experimental
        - key: numeric_labels.segment
          value:
            doubleValue: 5
    scopeLogs:
      - logRecords:
          - attributes:
              - key: event.kind
                value:
                  stringValue: event
              - key: process.title
                value:
                  stringValue: /usr/lib/jvm/java-10-openjdk-amd64/bin/java
            body:
              stringValue: test log message with faas
            timeUnixNano: "1662616049000000000"
        scope: {}
  - resource:
      attributes:
        - key: service.name
          value:
            stringValue: testSvc
        - key: service.version
          value:
            stringValue: v1.0.0
        - key: telemetry.sdk.language
          value:
            stringValue: java
        - key: telemetry.sdk.name
          value:
            stringValue: ElasticAPM
        - key: deployment.environment
          value:
            stringValue: prod
        - key: deployment.environment.name
          value:
            stringValue: prod
        - key: service.instance.id
          value:
            stringValue: 8ec7ceb990749e79b37f6dc6cd3628633618d6ce412553a552a0fa6b69419ad4
        - key: host.name
          value:
            stringValue: host1
        - key: host.arch
          value:
            stringValue: amd64
        - key: container.id
          value:
            stringValue: 8ec7ceb990749e79b37f6dc6cd3628633618d6ce412553a552a0fa6b69419ad4
        - key: k8s.namespace.name
          value:
            stringValue: default
        - key: k8s.node.name
          value:
            stringValue: node-name
        - key: k8s.pod.name
          value:
            stringValue: instrumented-java-service
        - key: k8s.pod.uid
          value:
            stringValue: b17f231da0ad128dc6c6c0b2e82f6f303d3893e3
        - key: process.pid
          value:
            intValue: "1234"
        - key: process.parent_pid
          value:
            intValue: "1"
        - key: process.executable.name
          value:
            stringValue: /usr/lib/jvm/java-10-openjdk-amd64/bin/java
        - key: process.command_line
          value:
            stringValue: -v
        - key: faas.instance
          value:
            stringValue: arn:aws:lambda:us-east-2:123456789012:function:custom-runtime
        - key: faas.coldstart
          value:
            boolValue: true
        - key: agent.name
          value:
            stringValue: java
        - key: agent.version
          value:
            stringValue: 1.10.0
        - key: service.language.name
          value:
            stringValue: Java
        - key: service.language.version
          value:
            stringValue: 10.0.2
        - key: faas.execution
          value:
            stringValue: 6f7f0961f83442118a7af6fe80b88d56
        - key: agent.ephemeral_id
          value:
            stringValue: e71be9ac-93b0-44b9-a997-5638f6ccfc36
        - key: agent.activation_method
          value:
            stringValue: some_activation_method
        - key: service.framework.name
          value:
            stringValue: spring
        - key: service.framework.version
          value:
            stringValue: 5.0.0
        - key: service.runtime.name
          value:
            stringValue: Java
        - key: service.runtime.version
          value:
            stringValue: 10.0.2
        - key: host.os.platform
          value:
            stringValue: Linux
        - key: labels.key with spaces
          value:
            stringValue: value with spaces
        - key: labels.str
          value:
            stringValue: str
        - key: labels.group
          value:
            stringValue: experimental
        - key: labels.ab_testing
          value:
            stringValue: "true"
        - key: labels.bool
          value:
            stringValue: "true"
        - key: numeric_labels.int
          value:
            doubleValue: 1
        - key: numeric_labels.float
          value:
            doubleValue: 1.1
        - key: numeric_labels.segment
          value:
            doubleValue: 5
    scopeLogs:
      - logRecords:
          - attributes:
              - key: log.logger
                value:
                  stringValue: testLogger
              - key: log.origin.function
                value:
                  stringValue: testFunc
              - key: log.origin.file.line
                value:
                  intValue: "10"
              - key: log.origin.file.name
                value:
                  stringValue: testFile
              - key: event.dataset
                value:
                  stringValue: accesslog
              - key: event.kind
                value:
                  stringValue: event
              - key: process.thread.name
                value:
                  stringValue: testThread
              - key: process.title
                value:
                  stringValue: /usr/lib/jvm/java-10-openjdk-amd64/bin/java
            body:
              stringValue: test log message with ecs fields
            severityText: warn
            timeUnixNano: "1662616049000000000"
        scope: {}
  - resource:
      attributes:
        - key: service.name
          value:
            stringValue: testSvc
        - key: service.version
          value:
            stringValue: v1.0.0
        - key: telemetry.sdk.language
          value:
            stringValue: java
        - key: telemetry.sdk.name
          value:
            stringValue: ElasticAPM
        - key: deployment.environment
          value:
            stringValue: prod
        - key: deployment.environment.name
          value:
            stringValue: prod
        - key: service.instance.id
          value:
            stringValue: 8ec7ceb990749e79b37f6dc6cd3628633618d6ce412553a552a0fa6b69419ad4
        - key: host.name
          value:
            stringValue: host1
        - key: host.arch
          value:
            stringValue: amd64
        - key: container.id
          value:
            stringValue: 8ec7ceb990749e79b37f6dc6cd3628633618d6ce412553a552a0fa6b69419ad4
        - key: k8s.namespace.name
          value:
            stringValue: default
        - key: k8s.node.name
          value:
            stringValue: node-name
        - key: k8s.pod.name
          value:
            stringValue: instrumented-java-service
        - key: k8s.pod.uid
          value:
            stringValue: b17f231da0ad128dc6c6c0b2e82f6f303d3893e3
        - key: process.pid
          value:
            intValue: "1234"
        - key: process.parent_pid
          value:
            intValue: "1"
        - key: process.executable.name
          value:
            stringValue: /usr/lib/jvm/java-10-openjdk-amd64/bin/java
        - key: process.command_line
          value:
            stringValue: -v
        - key: faas.instance
          value:
            stringValue: arn:aws:lambda:us-east-2:123456789012:function:custom-runtime
        - key: faas.coldstart
          value:
            boolValue: true
        - key: agent.name
          value:
            stringValue: java
        - key: agent.version
          value:
            stringValue: 1.10.0
        - key: service.language.name
          value:
            stringValue: Java
        - key: service.language.version
          value:
            stringValue: 10.0.2
        - key: faas.execution
          value:
            stringValue: 6f7f0961f83442118a7af6fe80b88d56
        - key: agent.ephemeral_id
          value:
            stringValue: e71be9ac-93b0-44b9-a997-5638f6ccfc36
        - key: agent.activation_method
          value:
            stringValue: some_activation_method
        - key: service.framework.name
          value:
            stringValue: spring
        - key: service.framework.version
          value:
            stringValue: 5.0.0
        - key: service.runtime.name
          value:
            stringValue: Java
        - key: service.runtime.version
          value:
            stringValue: 10.0.2
        - key: host.os.platform
          value:
            stringValue: Linux
        - key: labels.group
          value:
            stringValue: experimental
        - key: labels.ab_testing
          value:
            stringValue: "true"
        - key: labels.str
          value:
            stringValue: str
        - key: labels.bool
          value:
            stringValue: "true"
        - key: numeric_labels.segment
          value:
            doubleValue: 5
        - key: numeric_labels.int
          value:
            doubleValue: 1
        - key: numeric_labels.float
          value:
            doubleValue: 1.1
    scopeLogs:
      - logRecords:
          - attributes:
              - key: log.logger
                value:
                  stringValue: testLogger
              - key: log.origin.function
                value:
                  stringValue: testFunc
              - key: log.origin.file.line
                value:
                  intValue: "10"
              - key: log.origin.file.name
                value:
                  stringValue: testFile
              - key: event.dataset
                value:
                  stringValue: accesslog
              - key: event.kind
                value:
                  stringValue: event
              - key: process.thread.name
                value:
                  stringValue: testThread
              - key: process.title
                value:
                  stringValue: /usr/lib/jvm/java-10-openjdk-amd64/bin/java
            body:
              stringValue: test log message with nested ecs fields
            severityText: warn
            timeUnixNano: "1662616049000000000"
        scope: {}
  - resource:
      attributes:
        - key: service.name
          value:
            stringValue: testSvc
        - key: service.version
          value:
            stringValue: v1.0.0
        - key: telemetry.sdk.language
          value:
            stringValue: java
        - key: telemetry.sdk.name
          value:
            stringValue: ElasticAPM
        - key: deployment.environment
          value:
            stringValue: prod
        - key: deployment.environment.name
          value:
            stringValue: prod
        - key: service.instance.id
          value:
            stringValue: 8ec7ceb990749e79b37f6dc6cd3628633618d6ce412553a552a0fa6b69419ad4
        - key: host.name
          value:
            stringValue: host1
        - key: host.arch
          value:
            stringValue: amd64
        - key: container.id
          value:
            stringValue: 8ec7ceb990749e79b37f6dc6cd3628633618d6ce412553a552a0fa6b69419ad4
        - key: k8s.namespace.name
          value:
            stringValue: default
        - key: k8s.node.name
          value:
            stringValue: node-name
        - key: k8s.pod.name
          value:
            stringValue: instrumented-java-service
        - key: k8s.pod.uid
          value:
            stringValue: b17f231da0ad128dc6c6c0b2e82f6f303d3893e3
        - key: process.pid
          value:
            intValue: "1234"
        - key: process.parent_pid
          value:
            intValue: "1"
        - key: process.executable.name
          value:
            stringValue: /usr/lib/jvm/java-10-openjdk-amd64/bin/java
        - key: process.command_line
          value:
            stringValue: -v
        - key: faas.instance
          value:
            stringValue: arn:aws:lambda:us-east-2:123456789012:function:custom-runtime
        - key: faas.coldstart
          value:
            boolValue: true
        - key: agent.name
          value:
            stringValue: java
        - key: agent.version
          value:
            stringValue: 1.10.0
        - key: service.language.name
          value:
            stringValue: Java
        - key: service.language.version
          value:
            stringValue: 10.0.2
        - key: faas.execution
          value:
            stringValue: 6f7f0961f83442118a7af6fe80b88d56
        - key: agent.ephemeral_id
          value:
            stringValue: e71be9ac-93b0-44b9-a997-5638f6ccfc36
        - key: agent.activation_method
          value:
            stringValue: some_activation_method
        - key: service.framework.name
          value:
            stringValue: spring
        - key: service.framework.version
          value:
            stringValue: 5.0.0
        - key: service.runtime.name
          value:
            stringValue: Java
        - key: service.runtime.version
          value:
            stringValue: 10.0.2
        - key: host.os.platform
          value:
            stringValue: Linux
        - key: labels.str
          value:
            stringValue: str
        - key: labels.bool
          value:
            stringValue: "true"
        - key: labels.group
          value:
            stringValue: experimental
        - key: labels.ab_testing
          value:
            stringValue: "true"
        - key: numeric_labels.int
          value:
            doubleValue: 1
        - key: numeric_labels.float
          value:
            doubleValue: 1.1
        - key: numeric_labels.segment
          value:
            doubleValue: 5
    scopeLogs:
      - logRecords:
          - attributes:
              - key: log.logger
                value:
                  stringValue: testLogger
              - key: log.origin.function
                value:
                  stringValue: testFunc
              - key: log.origin.file.line
                value:
                  intValue: "10"
              - key: log.origin.file.name
                value:
                  stringValue: testFile
              - key: event.dataset
                value:
                  stringValue: accesslog
              - key: event.kind
                value:
                  stringValue: event
              - key: process.thread.name
                value:
                  stringValue: testThread
              - key: process.title
                value:
                  stringValue: /usr/lib/jvm/java-10-openjdk-amd64/bin/java
            body:
              stringValue: test log message with override of flat ecs fields by nested ecs fields
            severityText: warn
            timeUnixNano: "1662616049000000000"
        scope: {}
  - resource:
      attributes:
        - key: service.name
          value:
            stringValue: testSvc
        - key: service.version
          value:
            stringValue: v1.0.0
        - key: telemetry.sdk.language
          value:
            stringValue: java
        - key: telemetry.sdk.name
          value:
            stringValue: ElasticAPM
        - key: deployment.environment
          value:
            stringValue: prod
        - key: deployment.environment.name
          value:
            stringValue: prod
        - key: service.instance.id
          value:
            stringValue: svc-node-name
        - key: host.name
          value:
            stringValue: host1
        - key: host.arch
          value:
            stringValue: amd64
        - key: container.id
          value:
            stringValue: 8ec7ceb990749e79b37f6dc6cd3628633618d6ce412553a552a0fa6b69419ad4
        - key: k8s.namespace.name
          value:
            stringValue: default
        - key: k8s.node.name
          value:
            stringValue: node-name
        - key: k8s.pod.name
          value:
            stringValue: instrumented-java-service
        - key: k8s.pod.uid
          value:
            stringValue: b17f231da0ad128dc6c6c0b2e82f6f303d3893e3
        - key: process.pid
          value:
            intValue: "1234"
        - key: process.parent_pid
          value:
            intValue: "1"
        - key: process.executable.name
          value:
            stringValue: /usr/lib/jvm/java-10-openjdk-amd64/bin/java
        - key: process.command_line
          value:
            stringValue: -v
        - key: faas.instance
          value:
            stringValue: arn:aws:lambda:us-east-2:123456789012:function:custom-runtime
        - key: faas.trigger
          value:
            stringValue: api-gateway
        - key: faas.coldstart
          value:
            boolValue: true
        - key: agent.name
          value:
            stringValue: java
        - key: agent.version
          value:
            stringValue: 1.10.0
        - key: service.language.name
          value:
            stringValue: Java
        - key: service.language.version
          value:
            stringValue: 10.0.2
        - key: faas.trigger.request.id
          value:
            stringValue: request-id-xyz789
        - key: faas.execution
          value:
            stringValue: 6f7f0961f83442118a7af6fe80b88d56
        - key: agent.ephemeral_id
          value:
            stringValue: e71be9ac-93b0-44b9-a997-5638f6ccfc36
        - key: agent.activation_method
          value:
            stringValue: some_activation_method
        - key: service.framework.name
          value:
            stringValue: spring
        - key: service.framework.version
          value:
            stringValue: 5.0.0
        - key: service.runtime.name
          value:
            stringValue: Java
        - key: service.runtime.version
          value:
            stringValue: 10.0.2
        - key: host.os.platform
          value:
            stringValue: Linux
        - key: labels.ab_testing
          value:
            stringValue: "true"
        - key: labels.group
          value:
            stringValue: experimental
        - key: numeric_labels.segment
          value:
            doubleValue: 5
    scopeLogs:
      - logRecords:
          - attributes:
              - key: log.logger
                value:
                  stringValue: testLogger
              - key: log.origin.function
                value:
                  stringValue: testFunc
              - key: log.origin.file.line
                value:
                  intValue: "10"
              - key: log.origin.file.name
                value:
                  stringValue: testFile
              - key: event.dataset
                value:
                  stringValue: accesslog
              - key: event.kind
                value:
                  stringValue: event
              - key: process.thread.name
                value:
                  stringValue: testThread
              - key: process.title
                value:
                  stringValue: /usr/lib/jvm/java-10-openjdk-amd64/bin/java
            body:
              stringValue: Log with all available fields set
            severityText: info
            timeUnixNano: "1662616049000000000"
        scope: {}
  - resource:
      attributes:
        - key: service.name
          value:
            stringValue: testSvc
        - key: service.version
          value:
            stringValue: v1.0.0
        - key: telemetry.sdk.language
          value:
            stringValue: java
        - key: telemetry.sdk.name
          value:
            stringValue: ElasticAPM
        - key: deployment.environment
          value:
            stringValue: prod
        - key: deployment.environment.name
          value:
            stringValue: prod
        - key: service.instance.id
          value:
            stringValue: svc-node-name
        - key: host.name
          value:
            stringValue: host1
        - key: host.arch
          value:
            stringValue: amd64
        - key: container.id
          value:
            stringValue: 8ec7ceb990749e79b37f6dc6cd3628633618d6ce412553a552a0fa6b69419ad4
        - key: k8s.namespace.name
          value:
            stringValue: default
        - key: k8s.node.name
          value:
            stringValue: node-name
        - key: k8s.pod.name
          value:
            stringValue: instrumented-java-service
        - key: k8s.pod.uid
          value:
            stringValue: b17f231da0ad128dc6c6c0b2e82f6f303d3893e3
        - key: process.pid
          value:
            intValue: "1234"
        - key: process.parent_pid
          value:
            intValue: "1"
        - key: process.executable.name
          value:
            stringValue: /usr/lib/jvm/java-10-openjdk-amd64/bin/java
        - key: process.command_line
          value:
            stringValue: -v
        - key: faas.instance
          value:
            stringValue: arn:aws:lambda:us-east-2:123456789012:function:custom-runtime
        - key: faas.trigger
          value:
            stringValue: api-gateway
        - key: faas.coldstart
          value:
            boolValue: true
        - key: agent.name
          value:
            stringValue: java
        - key: agent.version
          value:
            stringValue: 1.10.0
        - key: service.language.name
          value:
            stringValue: Java
        - key: service.language.version
          value:
            stringValue: 10.0.2
        - key: faas.trigger.request.id
          value:
            stringValue: request-id-xyz789
        - key: faas.execution
          value:
            stringValue: 6f7f0961f83442118a7af6fe80b88d56
        - key: agent.ephemeral_id
          value:
            stringValue: e71be9ac-93b0-44b9-a997-5638f6ccfc36
        - key: agent.activation_method
          value:
            stringValue: some_activation_method
        - key: service.framework.name
          value:
            stringValue: spring
        - key: service.framework.version
          value:
            stringValue: 5.0.0
        - key: service.runtime.name
          value:
            stringValue: Java
        - key: service.runtime.version
          value:
            stringValue: 10.0.2
        - key: host.os.platform
          value:
            stringValue: Linux
        - key: labels.group
          value:
            stringValue: experimental
        - key: labels.ab_testing
          value:
            stringValue: "true"
        - key: numeric_labels.segment
          value:
            doubleValue: 5
    scopeLogs:
      - logRecords:
          - attributes:
              - key: processor.event
                value:
                  stringValue: error
              - key: transaction.id
                value:
                  stringValue: txn-id
              - key: error.type
                value:
                  stringValue: ioexception
              - key: message
                value:
                  stringValue: This is a test error message
              - key: error.grouping_key
                value:
                  stringValue: ef46db3751d8e999
              - key: timestamp.us
                value:
                  intValue: "1662616049000000"
              - key: log.logger
                value:
                  stringValue: testLogger
              - key: log.origin.function
                value:
                  stringValue: testFunc
              - key: log.origin.file.line
                value:
                  intValue: "10"
              - key: log.origin.file.name
                value:
                  stringValue: testFile
              - key: event.dataset
                value:
                  stringValue: accesslog
              - key: process.thread.name
                value:
                  stringValue: testThread
              - key: process.title
                value:
                  stringValue: /usr/lib/jvm/java-10-openjdk-amd64/bin/java
            body: {}
            timeUnixNano: "1662616049000000000"
        scope: {}
