resourceMetrics:
  - resource:
      attributes:
        - key: agent.name
          value:
            stringValue: elastic-node
        - key: agent.version
          value:
            stringValue: 3.14.0
        - key: service.name
          value:
            stringValue: my-service
        - key: service.version
          value:
            stringValue: 1.0.0
        - key: telemetry.sdk.name
          value:
            stringValue: ElasticAPM
    scopeMetrics:
      - metrics:
          - histogram:
              dataPoints:
                - attributes:
                    - key: event.outcome
                      value:
                        stringValue: unknown
                    - key: processor.event
                      value:
                        stringValue: metric
                    - key: timestamp.us
                      value:
                        intValue: "1757462026684385"
                  bucketCounts:
                    - "1"
                    - "3"
                    - "5"
                  count: "9"
                  explicitBounds:
                    - 10
                    - 20
                  sum: 220
                  timeUnixNano: "1757462026684385000"
            name: valid_histogram_metric_1
            unit: ms
        scope: {}
  - resource:
      attributes:
        - key: agent.name
          value:
            stringValue: elastic-node
        - key: agent.version
          value:
            stringValue: 3.14.0
        - key: service.name
          value:
            stringValue: my-service
        - key: service.version
          value:
            stringValue: 1.0.0
        - key: telemetry.sdk.name
          value:
            stringValue: ElasticAPM
    scopeMetrics:
      - metrics:
          - histogram:
              dataPoints:
                - attributes:
                    - key: event.outcome
                      value:
                        stringValue: unknown
                    - key: processor.event
                      value:
                        stringValue: metric
                    - key: timestamp.us
                      value:
                        intValue: "1757462026684385"
                  bucketCounts:
                    - "2"
                    - "4"
                    - "6"
                    - "8"
                    - "10"
                  count: "30"
                  explicitBounds:
                    - 5
                    - 10
                    - 15
                    - 25
                  sum: 840
                  timeUnixNano: "1757462026684385000"
            name: valid_histogram_metric_2
            unit: ms
        scope: {}
  - resource:
      attributes:
        - key: agent.name
          value:
            stringValue: elastic-node
        - key: agent.version
          value:
            stringValue: 3.14.0
        - key: service.name
          value:
            stringValue: my-service
        - key: service.version
          value:
            stringValue: 1.0.0
        - key: telemetry.sdk.name
          value:
            stringValue: ElasticAPM
    scopeMetrics:
      - metrics:
          - histogram:
              dataPoints:
                - attributes:
                    - key: event.outcome
                      value:
                        stringValue: unknown
                    - key: processor.event
                      value:
                        stringValue: metric
                    - key: timestamp.us
                      value:
                        intValue: "1757462026684385"
                  timeUnixNano: "1757462026684385000"
            name: value_count_mismatch_histogram_metric
            unit: ms
        scope: {}
