resourceSpans:
  - resource:
      attributes:
        - key: service.name
          value:
            stringValue: 1234_service-12a3
        - key: service.version
          value:
            stringValue: ""
        - key: telemetry.sdk.name
          value:
            stringValue: ElasticAPM
        - key: agent.name
          value:
            stringValue: elastic-node
        - key: agent.version
          value:
            stringValue: 3.14.0
    scopeSpans:
      - scope: {}
        spans:
          - attributes:
              - key: timestamp.us
                value:
                  intValue: "1845"
              - key: event.outcome
                value:
                  stringValue: unknown
              - key: processor.event
                value:
                  stringValue: span
              - key: span.duration.us
                value:
                  intValue: "3564"
              - key: span.id
                value:
                  stringValue: 0123456a89012345
              - key: span.name
                value:
                  stringValue: GET /api/types
              - key: span.type
                value:
                  stringValue: request
              - key: span.subtype
                value:
                  stringValue: ""
              - key: span.action
                value:
                  stringValue: ""
            endTimeUnixNano: "5409298"
            links:
              - spanId: 1123456a89012345
                traceId: 13234567890123456789abcdefabcdef
            name: GET /api/types
            parentSpanId: ab23456a89012345
            spanId: 0123456a89012345
            startTimeUnixNano: "1845000"
            status: {}
            traceId: 0123456789abcdef0123456789abcdef
  - resource:
      attributes:
        - key: service.name
          value:
            stringValue: 1234_service-12a3
        - key: service.version
          value:
            stringValue: ""
        - key: telemetry.sdk.name
          value:
            stringValue: ElasticAPM
        - key: agent.name
          value:
            stringValue: elastic-node
        - key: agent.version
          value:
            stringValue: 3.14.0
    scopeSpans:
      - scope: {}
        spans:
          - attributes:
              - key: timestamp.us
                value:
                  intValue: "0"
              - key: event.outcome
                value:
                  stringValue: unknown
              - key: processor.event
                value:
                  stringValue: transaction
              - key: transaction.id
                value:
                  stringValue: abcdef1478523690
              - key: transaction.name
                value:
                  stringValue: ""
              - key: transaction.sampled
                value:
                  boolValue: true
              - key: transaction.root
                value:
                  boolValue: true
              - key: transaction.type
                value:
                  stringValue: request
              - key: transaction.result
                value:
                  stringValue: ""
              - key: transaction.duration.us
                value:
                  intValue: "32592"
            endTimeUnixNano: "32592981"
            links:
              - spanId: 1123456a89012345
                traceId: 45234567890123456789abcdefabcdef
              - spanId: 1123456a89012346
                traceId: 45234567890123456789abcdefabcdef
            parentSpanId: ""
            spanId: abcdef1478523690
            status: {}
            traceId: 01234567890123456789abcdefabcdef
