resourceSpans:
  - resource:
      attributes:
        - key: service.name
          value:
            stringValue: 1234_service-12a3
        - key: service.version
          value:
            stringValue: 5.1.3
        - key: telemetry.sdk.language
          value:
            stringValue: ecmascript
        - key: telemetry.sdk.name
          value:
            stringValue: ElasticAPM
        - key: deployment.environment.name
          value:
            stringValue: staging
        - key: agent.name
          value:
            stringValue: elastic-node
        - key: agent.version
          value:
            stringValue: 3.14.0
        - key: service.language.name
          value:
            stringValue: ecmascript
        - key: service.language.version
          value:
            stringValue: "8"
    scopeSpans:
      - scope: {}
        spans:
          - attributes:
              - key: timestamp.us
                value:
                  intValue: "1496170407154000"
              - key: event.outcome
                value:
                  stringValue: unknown
              - key: processor.event
                value:
                  stringValue: transaction
              - key: transaction.id
                value:
                  stringValue: foobarInvalid
              - key: transaction.name
                value:
                  stringValue: ""
              - key: transaction.sampled
                value:
                  boolValue: true
              - key: transaction.root
                value:
                  boolValue: false
              - key: transaction.type
                value:
                  stringValue: request
              - key: transaction.result
                value:
                  stringValue: ""
              - key: transaction.duration.us
                value:
                  intValue: "32592"
            endTimeUnixNano: "1496170407186592981"
            parentSpanId: ""
            spanId: ""
            startTimeUnixNano: "1496170407154000000"
            status: {}
            traceId: ""
  - resource:
      attributes:
        - key: service.name
          value:
            stringValue: 1234_service-12a3
        - key: service.version
          value:
            stringValue: 5.1.3
        - key: telemetry.sdk.language
          value:
            stringValue: ecmascript
        - key: telemetry.sdk.name
          value:
            stringValue: ElasticAPM
        - key: deployment.environment.name
          value:
            stringValue: staging
        - key: agent.name
          value:
            stringValue: elastic-node
        - key: agent.version
          value:
            stringValue: 3.14.0
        - key: service.language.name
          value:
            stringValue: ecmascript
        - key: service.language.version
          value:
            stringValue: "8"
    scopeSpans:
      - scope: {}
        spans:
          - attributes:
              - key: timestamp.us
                value:
                  intValue: "1532976822281000"
              - key: event.outcome
                value:
                  stringValue: success
              - key: processor.event
                value:
                  stringValue: span
              - key: span.duration.us
                value:
                  intValue: "141581"
              - key: span.id
                value:
                  stringValue: invalid
              - key: span.name
                value:
                  stringValue: GET /api/types
              - key: span.type
                value:
                  stringValue: db
              - key: span.subtype
                value:
                  stringValue: postgresql
              - key: span.action
                value:
                  stringValue: query.custom
            endTimeUnixNano: "1532976822422581000"
            name: GET /api/types
            parentSpanId: ""
            spanId: ""
            startTimeUnixNano: "1532976822281000000"
            status:
              code: 1
            traceId: ""
