resourceMetrics:
  - resource:
      attributes:
        - key: service.name
          value:
            stringValue: 1234_service-12a3
        - key: service.version
          value:
            stringValue: ""
        - key: telemetry.sdk.language
          value:
            stringValue: ecmascript
        - key: telemetry.sdk.name
          value:
            stringValue: ElasticAPM
    scopeMetrics:
      - metrics:
          - gauge:
              dataPoints:
                - asInt: "633288"
                  attributes:
                    - key: processor.event
                      value:
                        stringValue: metric
                    - key: span.subtype
                      value:
                        stringValue: mysql
                    - key: span.type
                      value:
                        stringValue: db
                    - key: transaction.name
                      value:
                        stringValue: GET /
                    - key: transaction.type
                      value:
                        stringValue: request
                  timeUnixNano: "1496170422281000000"
            name: span.self_time.sum.us
            unit: us
          - gauge:
              dataPoints:
                - asDouble: 1
                  attributes:
                    - key: processor.event
                      value:
                        stringValue: metric
                    - key: span.subtype
                      value:
                        stringValue: mysql
                    - key: span.type
                      value:
                        stringValue: db
                    - key: transaction.name
                      value:
                        stringValue: GET /
                    - key: transaction.type
                      value:
                        stringValue: request
                  timeUnixNano: "1496170422281000000"
            name: span.self_time.count
            unit: '{span}'
        scope: {}
  - resource:
      attributes:
        - key: service.name
          value:
            stringValue: 1234_service-12a3
        - key: service.version
          value:
            stringValue: ""
        - key: telemetry.sdk.language
          value:
            stringValue: ecmascript
        - key: telemetry.sdk.name
          value:
            stringValue: ElasticAPM
    scopeMetrics:
      - metrics:
          - gauge:
              dataPoints:
                - asDouble: 6.520832e+06
                  attributes:
                    - key: event.outcome
                      value:
                        stringValue: unknown
                    - key: processor.event
                      value:
                        stringValue: metric
                    - key: timestamp.us
                      value:
                        intValue: "1496170421364000"
                  timeUnixNano: "1496170421364000000"
            name: go.memstats.heap.sys.bytes
        scope: {}
  - resource:
      attributes:
        - key: service.name
          value:
            stringValue: 1234_service-12a3
        - key: service.version
          value:
            stringValue: ""
        - key: telemetry.sdk.language
          value:
            stringValue: ecmascript
        - key: telemetry.sdk.name
          value:
            stringValue: ElasticAPM
    scopeMetrics:
      - metrics:
          - gauge:
              dataPoints:
                - asDouble: 2048
                  attributes:
                    - key: event.outcome
                      value:
                        stringValue: unknown
                    - key: processor.event
                      value:
                        stringValue: metric
                    - key: timestamp.us
                      value:
                        intValue: "1496170421366000"
                  timeUnixNano: "1496170421366000000"
            name: system.process.cgroup.memory.mem.limit.bytes
          - gauge:
              dataPoints:
                - asDouble: 1024
                  attributes:
                    - key: event.outcome
                      value:
                        stringValue: unknown
                    - key: processor.event
                      value:
                        stringValue: metric
                    - key: timestamp.us
                      value:
                        intValue: "1496170421366000"
                  timeUnixNano: "1496170421366000000"
            name: system.process.cgroup.memory.mem.usage.bytes
        scope: {}
  - resource:
      attributes:
        - key: service.name
          value:
            stringValue: 1234_service-12a3
        - key: service.version
          value:
            stringValue: ""
        - key: telemetry.sdk.language
          value:
            stringValue: ecmascript
        - key: telemetry.sdk.name
          value:
            stringValue: ElasticAPM
    scopeMetrics:
      - metrics:
          - gauge:
              dataPoints:
                - asDouble: 2048
                  attributes:
                    - key: event.outcome
                      value:
                        stringValue: unknown
                    - key: processor.event
                      value:
                        stringValue: metric
                    - key: timestamp.us
                      value:
                        intValue: "1496170421367000"
                  timeUnixNano: "1496170421367000000"
            name: system.process.cgroup.cpu.stats.throttled.ns
          - gauge:
              dataPoints:
                - asDouble: 2048
                  attributes:
                    - key: event.outcome
                      value:
                        stringValue: unknown
                    - key: processor.event
                      value:
                        stringValue: metric
                    - key: timestamp.us
                      value:
                        intValue: "1496170421367000"
                  timeUnixNano: "1496170421367000000"
            name: system.process.cgroup.cpuacct.id
          - gauge:
              dataPoints:
                - asDouble: 2048
                  attributes:
                    - key: event.outcome
                      value:
                        stringValue: unknown
                    - key: processor.event
                      value:
                        stringValue: metric
                    - key: timestamp.us
                      value:
                        intValue: "1496170421367000"
                  timeUnixNano: "1496170421367000000"
            name: system.process.cgroup.cpuacct.total.ns
          - gauge:
              dataPoints:
                - asDouble: 1024
                  attributes:
                    - key: event.outcome
                      value:
                        stringValue: unknown
                    - key: processor.event
                      value:
                        stringValue: metric
                    - key: timestamp.us
                      value:
                        intValue: "1496170421367000"
                  timeUnixNano: "1496170421367000000"
            name: system.process.cgroup.cpu.cfs.period.us
          - gauge:
              dataPoints:
                - asDouble: 2048
                  attributes:
                    - key: event.outcome
                      value:
                        stringValue: unknown
                    - key: processor.event
                      value:
                        stringValue: metric
                    - key: timestamp.us
                      value:
                        intValue: "1496170421367000"
                  timeUnixNano: "1496170421367000000"
            name: system.process.cgroup.cpu.id
          - gauge:
              dataPoints:
                - asDouble: 2048
                  attributes:
                    - key: event.outcome
                      value:
                        stringValue: unknown
                    - key: processor.event
                      value:
                        stringValue: metric
                    - key: timestamp.us
                      value:
                        intValue: "1496170421367000"
                  timeUnixNano: "1496170421367000000"
            name: system.process.cgroup.cpu.cfs.quota.us
          - gauge:
              dataPoints:
                - asDouble: 2048
                  attributes:
                    - key: event.outcome
                      value:
                        stringValue: unknown
                    - key: processor.event
                      value:
                        stringValue: metric
                    - key: timestamp.us
                      value:
                        intValue: "1496170421367000"
                  timeUnixNano: "1496170421367000000"
            name: system.process.cgroup.cpu.stats.periods
          - gauge:
              dataPoints:
                - asDouble: 2048
                  attributes:
                    - key: event.outcome
                      value:
                        stringValue: unknown
                    - key: processor.event
                      value:
                        stringValue: metric
                    - key: timestamp.us
                      value:
                        intValue: "1496170421367000"
                  timeUnixNano: "1496170421367000000"
            name: system.process.cgroup.cpu.stats.throttled.periods
        scope: {}
