resourceSpans:
  - resource:
      attributes:
        - key: service.name
          value:
            stringValue: serviceabc
        - key: service.version
          value:
            stringValue: ""
        - key: telemetry.sdk.language
          value:
            stringValue: ecmascript
        - key: telemetry.sdk.name
          value:
            stringValue: ElasticAPM
        - key: deployment.environment.name
          value:
            stringValue: staging
        - key: agent.name
          value:
            stringValue: js-base
        - key: agent.version
          value:
            stringValue: "1.3"
    scopeSpans:
      - scope: {}
        spans:
          - attributes:
              - key: timestamp.us
                value:
                  intValue: "1496170407154000000"
              - key: event.outcome
                value:
                  stringValue: success
              - key: processor.event
                value:
                  stringValue: transaction
              - key: transaction.id
                value:
                  stringValue: 945254c567a5417e
              - key: transaction.name
                value:
                  stringValue: GET /api/types
              - key: transaction.sampled
                value:
                  boolValue: true
              - key: transaction.root
                value:
                  boolValue: true
              - key: transaction.type
                value:
                  stringValue: request
              - key: transaction.result
                value:
                  stringValue: success
              - key: transaction.duration.us
                value:
                  intValue: "32592981"
              - key: http.request.method
                value:
                  stringValue: POST
              - key: url.full
                value:
                  stringValue: https://www.example.com/p/a/t/h?query=string#hash
              - key: http.response.status_code
                value:
                  intValue: "200"
            endTimeUnixNano: "1496170407186592981"
            kind: 2
            name: GET /api/types
            parentSpanId: ""
            spanId: 945254c567a5417e
            startTimeUnixNano: "1496170407154000000"
            status:
              code: 1
            traceId: 945254c567a5417eaaaaaaaaaaaaaaaa
  - resource:
      attributes:
        - key: service.name
          value:
            stringValue: 1234_service-12a3
        - key: service.version
          value:
            stringValue: 5.1.3
        - key: telemetry.sdk.language
          value:
            stringValue: ecmascript
        - key: telemetry.sdk.name
          value:
            stringValue: ElasticAPM
        - key: deployment.environment.name
          value:
            stringValue: staging
        - key: agent.name
          value:
            stringValue: elastic-node
        - key: agent.version
          value:
            stringValue: 3.14.0
    scopeSpans:
      - scope: {}
        spans:
          - attributes:
              - key: timestamp.us
                value:
                  intValue: "1496170407154000000"
              - key: event.outcome
                value:
                  stringValue: success
              - key: processor.event
                value:
                  stringValue: span
              - key: span.duration.us
                value:
                  intValue: "3781912"
              - key: span.id
                value:
                  stringValue: 0aaaaaaaaaaaaaaa
              - key: span.name
                value:
                  stringValue: SELECT FROM product_types
              - key: span.type
                value:
                  stringValue: db
              - key: span.subtype
                value:
                  stringValue: postgresql
              - key: span.action
                value:
                  stringValue: query
              - key: span.sync
                value:
                  boolValue: false
              - key: http.request.method
                value:
                  stringValue: GET
              - key: http.response.status_code
                value:
                  intValue: "200"
              - key: db.system
                value:
                  stringValue: sql
              - key: db.namespace
                value:
                  stringValue: customers
              - key: db.query.text
                value:
                  stringValue: SELECT * FROM product_types WHERE user_id=?
            endTimeUnixNano: "1496170407157781912"
            kind: 3
            name: SELECT FROM product_types
            parentSpanId: 945254c567a5417e
            spanId: 0aaaaaaaaaaaaaaa
            startTimeUnixNano: "1496170407154000000"
            status:
              code: 1
            traceId: 945254c567a5417eaaaaaaaaaaaaaaaa
  - resource:
      attributes:
        - key: service.name
          value:
            stringValue: 1234_service-12a3
        - key: service.version
          value:
            stringValue: 5.1.3
        - key: telemetry.sdk.language
          value:
            stringValue: ecmascript
        - key: telemetry.sdk.name
          value:
            stringValue: ElasticAPM
        - key: deployment.environment.name
          value:
            stringValue: staging
        - key: agent.name
          value:
            stringValue: elastic-node
        - key: agent.version
          value:
            stringValue: 3.14.0
    scopeSpans:
      - scope: {}
        spans:
          - attributes:
              - key: timestamp.us
                value:
                  intValue: "1496170407154000000"
              - key: event.outcome
                value:
                  stringValue: unknown
              - key: processor.event
                value:
                  stringValue: span
              - key: span.duration.us
                value:
                  intValue: "32592981"
              - key: span.id
                value:
                  stringValue: 1aaaaaaaaaaaaaaa
              - key: span.name
                value:
                  stringValue: GET /api/types
              - key: span.type
                value:
                  stringValue: request
              - key: span.subtype
                value:
                  stringValue: external
              - key: span.action
                value:
                  stringValue: ""
            endTimeUnixNano: "1496170407186592981"
            name: GET /api/types
            parentSpanId: 945254c567a5417e
            spanId: 1aaaaaaaaaaaaaaa
            startTimeUnixNano: "1496170407154000000"
            status: {}
            traceId: 945254c567a5417eaaaaaaaaaaaaaaaa
  - resource:
      attributes:
        - key: service.name
          value:
            stringValue: 1234_service-12a3
        - key: service.version
          value:
            stringValue: 5.1.3
        - key: telemetry.sdk.language
          value:
            stringValue: ecmascript
        - key: telemetry.sdk.name
          value:
            stringValue: ElasticAPM
        - key: deployment.environment.name
          value:
            stringValue: staging
        - key: agent.name
          value:
            stringValue: elastic-node
        - key: agent.version
          value:
            stringValue: 3.14.0
    scopeSpans:
      - scope: {}
        spans:
          - attributes:
              - key: timestamp.us
                value:
                  intValue: "1496170407154000000"
              - key: event.outcome
                value:
                  stringValue: unknown
              - key: processor.event
                value:
                  stringValue: span
              - key: span.duration.us
                value:
                  intValue: "3564298"
              - key: span.id
                value:
                  stringValue: 2aaaaaaaaaaaaaaa
              - key: span.name
                value:
                  stringValue: GET /api/types
              - key: span.type
                value:
                  stringValue: request
              - key: span.subtype
                value:
                  stringValue: http
              - key: span.action
                value:
                  stringValue: post
            endTimeUnixNano: "1496170407157564298"
            name: GET /api/types
            parentSpanId: 945254c567a5417e
            spanId: 2aaaaaaaaaaaaaaa
            startTimeUnixNano: "1496170407154000000"
            status: {}
            traceId: 945254c567a5417eaaaaaaaaaaaaaaaa
  - resource:
      attributes:
        - key: service.name
          value:
            stringValue: 1234_service-12a3
        - key: service.version
          value:
            stringValue: 5.1.3
        - key: telemetry.sdk.language
          value:
            stringValue: ecmascript
        - key: telemetry.sdk.name
          value:
            stringValue: ElasticAPM
        - key: deployment.environment.name
          value:
            stringValue: staging
        - key: agent.name
          value:
            stringValue: elastic-node
        - key: agent.version
          value:
            stringValue: 3.14.0
    scopeSpans:
      - scope: {}
        spans:
          - attributes:
              - key: timestamp.us
                value:
                  intValue: "1496170407154000000"
              - key: event.outcome
                value:
                  stringValue: unknown
              - key: processor.event
                value:
                  stringValue: span
              - key: span.duration.us
                value:
                  intValue: "13980298"
              - key: span.id
                value:
                  stringValue: 3aaaaaaaaaaaaaaa
              - key: span.name
                value:
                  stringValue: GET /api/types
              - key: span.type
                value:
                  stringValue: request
              - key: span.subtype
                value:
                  stringValue: ""
              - key: span.action
                value:
                  stringValue: ""
            endTimeUnixNano: "1496170407167980298"
            name: GET /api/types
            parentSpanId: 945254c567a5417e
            spanId: 3aaaaaaaaaaaaaaa
            startTimeUnixNano: "1496170407154000000"
            status: {}
            traceId: 945254c567a5417eaaaaaaaaaaaaaaaa
  - resource:
      attributes:
        - key: service.name
          value:
            stringValue: 1234_service-12a3
        - key: service.version
          value:
            stringValue: 5.1.3
        - key: telemetry.sdk.language
          value:
            stringValue: ecmascript
        - key: telemetry.sdk.name
          value:
            stringValue: ElasticAPM
        - key: deployment.environment.name
          value:
            stringValue: staging
        - key: agent.name
          value:
            stringValue: elastic-node
        - key: agent.version
          value:
            stringValue: 3.14.0
    scopeSpans:
      - scope: {}
        spans:
          - attributes:
              - key: timestamp.us
                value:
                  intValue: "1496170422281000000"
              - key: event.outcome
                value:
                  stringValue: unknown
              - key: processor.event
                value:
                  stringValue: transaction
              - key: transaction.id
                value:
                  stringValue: 85925e55b43f4340
              - key: transaction.name
                value:
                  stringValue: GET /api/types
              - key: transaction.sampled
                value:
                  boolValue: true
              - key: transaction.root
                value:
                  boolValue: true
              - key: transaction.type
                value:
                  stringValue: request
              - key: transaction.result
                value:
                  stringValue: failure
              - key: transaction.duration.us
                value:
                  intValue: "13980558"
            endTimeUnixNano: "1496170422294980558"
            name: GET /api/types
            parentSpanId: ""
            spanId: 85925e55b43f4340
            startTimeUnixNano: "1496170422281000000"
            status: {}
            traceId: 85925e55b43f4340aaaaaaaaaaaaaaaa
  - resource:
      attributes:
        - key: service.name
          value:
            stringValue: 1234_service-12a3
        - key: service.version
          value:
            stringValue: 5.1.3
        - key: telemetry.sdk.language
          value:
            stringValue: ecmascript
        - key: telemetry.sdk.name
          value:
            stringValue: ElasticAPM
        - key: deployment.environment.name
          value:
            stringValue: staging
        - key: agent.name
          value:
            stringValue: elastic-node
        - key: agent.version
          value:
            stringValue: 3.14.0
    scopeSpans:
      - scope: {}
        spans:
          - attributes:
              - key: timestamp.us
                value:
                  intValue: "1496170422000000000"
              - key: event.outcome
                value:
                  stringValue: unknown
              - key: processor.event
                value:
                  stringValue: transaction
              - key: transaction.id
                value:
                  stringValue: 85925e55b43f4341
              - key: transaction.name
                value:
                  stringValue: GET /api/types
              - key: transaction.sampled
                value:
                  boolValue: false
              - key: transaction.root
                value:
                  boolValue: true
              - key: transaction.type
                value:
                  stringValue: request
              - key: transaction.result
                value:
                  stringValue: "200"
              - key: transaction.duration.us
                value:
                  intValue: "13980558"
            endTimeUnixNano: "1496170422013980558"
            name: GET /api/types
            parentSpanId: ""
            spanId: 85925e55b43f4341
            startTimeUnixNano: "1496170422000000000"
            status: {}
            traceId: 85925e55b43f4341aaaaaaaaaaaaaaaa
  - resource:
      attributes:
        - key: service.name
          value:
            stringValue: 1234_service-12a3
        - key: service.version
          value:
            stringValue: 5.1.3
        - key: telemetry.sdk.language
          value:
            stringValue: ecmascript
        - key: telemetry.sdk.name
          value:
            stringValue: ElasticAPM
        - key: deployment.environment.name
          value:
            stringValue: staging
        - key: agent.name
          value:
            stringValue: elastic-node
        - key: agent.version
          value:
            stringValue: 3.14.0
    scopeSpans:
      - scope: {}
        spans:
          - attributes:
              - key: timestamp.us
                value:
                  intValue: "1496170422281999000"
              - key: event.outcome
                value:
                  stringValue: unknown
              - key: processor.event
                value:
                  stringValue: transaction
              - key: transaction.id
                value:
                  stringValue: 85925e55b43f4342
              - key: transaction.name
                value:
                  stringValue: GET /api/types
              - key: transaction.sampled
                value:
                  boolValue: true
              - key: transaction.root
                value:
                  boolValue: true
              - key: transaction.type
                value:
                  stringValue: request
              - key: transaction.result
                value:
                  stringValue: "200"
              - key: transaction.duration.us
                value:
                  intValue: "13980558"
            endTimeUnixNano: "1496170422295979558"
            name: GET /api/types
            parentSpanId: ""
            spanId: 85925e55b43f4342
            startTimeUnixNano: "1496170422281999000"
            status: {}
            traceId: 85925e55b43f4342aaaaaaaaaaaaaaaa
  - resource:
      attributes:
        - key: service.name
          value:
            stringValue: serviceabc
        - key: service.version
          value:
            stringValue: ""
        - key: telemetry.sdk.language
          value:
            stringValue: ecmascript
        - key: telemetry.sdk.name
          value:
            stringValue: ElasticAPM
        - key: deployment.environment.name
          value:
            stringValue: staging
        - key: agent.name
          value:
            stringValue: js-base
        - key: agent.version
          value:
            stringValue: "1.3"
    scopeSpans:
      - scope: {}
        spans:
          - attributes:
              - key: timestamp.us
                value:
                  intValue: "1496170422281000000"
              - key: event.outcome
                value:
                  stringValue: unknown
              - key: processor.event
                value:
                  stringValue: span
              - key: span.duration.us
                value:
                  intValue: "3781912"
              - key: span.id
                value:
                  stringValue: 15aaaaaaaaaaaaaa
              - key: span.name
                value:
                  stringValue: SELECT FROM product_types
              - key: span.type
                value:
                  stringValue: db.postgresql.query
              - key: span.subtype
                value:
                  stringValue: postgresql
              - key: span.action
                value:
                  stringValue: query.custom
              - key: service.target.name
                value:
                  stringValue: postgresql
              - key: service.target.type
                value:
                  stringValue: db
              - key: span.destination.service.resource
                value:
                  stringValue: postgresql
              - key: db.system
                value:
                  stringValue: sql
              - key: db.namespace
                value:
                  stringValue: customers
              - key: db.query.text
                value:
                  stringValue: SELECT * FROM product_types WHERE user_id=?
            endTimeUnixNano: "1496170422284781912"
            name: SELECT FROM product_types
            parentSpanId: 85925e55b43f4342
            spanId: 15aaaaaaaaaaaaaa
            startTimeUnixNano: "1496170422281000000"
            status: {}
            traceId: 85925e55b43f4342aaaaaaaaaaaaaaaa
